Command line invocation:
    /Applications/Xcode.app/Contents/Developer/usr/bin/xcodebuild build -project /Users/user/project/VoiceMemo/VoiceMemo.xcodeproj -scheme "VoiceMemo iOS" -destination "generic/platform=iOS Simulator" -showBuildTimingSummary

ComputePackagePrebuildTargetDependencyGraph

Prepare packages

CreateBuildRequest

SendProjectDescription

CreateBuildOperation

ComputeTargetDependencyGraph
note: Building targets in dependency order
note: Target dependency graph (1 target)
    Target 'VoiceMemo iOS' in project 'VoiceMemo' (no dependencies)

GatherProvisioningInputs

CreateBuildDescription

ExecuteExternalTool /Applications/Xcode.app/Contents/Developer/Toolchains/XcodeDefault.xctoolchain/usr/bin/clang -v -E -dM -isysroot /Applications/Xcode.app/Contents/Developer/Platforms/iPhoneSimulator.platform/Developer/SDKs/iPhoneSimulator26.2.sdk -x c -c /dev/null

ExecuteExternalTool /Applications/Xcode.app/Contents/Developer/usr/bin/actool --print-asset-tag-combinations --output-format xml1 /Users/user/project/VoiceMemo/VoiceMemo iOS/Assets.xcassets

ExecuteExternalTool /Applications/Xcode.app/Contents/Developer/usr/bin/actool --version --output-format xml1

ExecuteExternalTool /Applications/Xcode.app/Contents/Developer/Toolchains/XcodeDefault.xctoolchain/usr/bin/swiftc --version

ExecuteExternalTool /Applications/Xcode.app/Contents/Developer/Toolchains/XcodeDefault.xctoolchain/usr/bin/ld -version_details

Build description signature: 2e9ee57bb5a5d86d5e9e341fd8ea5b69
Build description path: /Users/user/Library/Developer/Xcode/DerivedData/VoiceMemo-atfnwwoqheqjoadbetovqrwccflr/Build/Intermediates.noindex/XCBuildData/2e9ee57bb5a5d86d5e9e341fd8ea5b69.xcbuilddata
ClangStatCache /Applications/Xcode.app/Contents/Developer/Toolchains/XcodeDefault.xctoolchain/usr/bin/clang-stat-cache /Applications/Xcode.app/Contents/Developer/Platforms/iPhoneSimulator.platform/Developer/SDKs/iPhoneSimulator26.2.sdk /Users/user/Library/Developer/Xcode/DerivedData/SDKStatCaches.noindex/iphonesimulator26.2-23C57-7d00a8b37fbd7999ea79df8ebc024bf0.sdkstatcache
    cd /Users/user/project/VoiceMemo/VoiceMemo.xcodeproj
    /Applications/Xcode.app/Contents/Developer/Toolchains/XcodeDefault.xctoolchain/usr/bin/clang-stat-cache /Applications/Xcode.app/Contents/Developer/Platforms/iPhoneSimulator.platform/Developer/SDKs/iPhoneSimulator26.2.sdk -o /Users/user/Library/Developer/Xcode/DerivedData/SDKStatCaches.noindex/iphonesimulator26.2-23C57-7d00a8b37fbd7999ea79df8ebc024bf0.sdkstatcache

WriteAuxiliaryFile /Users/user/Library/Developer/Xcode/DerivedData/VoiceMemo-atfnwwoqheqjoadbetovqrwccflr/Build/Intermediates.noindex/VoiceMemo.build/Debug-iphonesimulator/VoiceMemo\ iOS.build/Objects-normal/arm64/VoiceMemo\ iOS.SwiftFileList (in target 'VoiceMemo iOS' from project 'VoiceMemo')
    cd /Users/user/project/VoiceMemo
    write-file /Users/user/Library/Developer/Xcode/DerivedData/VoiceMemo-atfnwwoqheqjoadbetovqrwccflr/Build/Intermediates.noindex/VoiceMemo.build/Debug-iphonesimulator/VoiceMemo\ iOS.build/Objects-normal/arm64/VoiceMemo\ iOS.SwiftFileList

WriteAuxiliaryFile /Users/user/Library/Developer/Xcode/DerivedData/VoiceMemo-atfnwwoqheqjoadbetovqrwccflr/Build/Intermediates.noindex/VoiceMemo.build/Debug-iphonesimulator/VoiceMemo\ iOS.build/Objects-normal/arm64/VoiceMemo\ iOS.SwiftConstValuesFileList (in target 'VoiceMemo iOS' from project 'VoiceMemo')
    cd /Users/user/project/VoiceMemo
    write-file /Users/user/Library/Developer/Xcode/DerivedData/VoiceMemo-atfnwwoqheqjoadbetovqrwccflr/Build/Intermediates.noindex/VoiceMemo.build/Debug-iphonesimulator/VoiceMemo\ iOS.build/Objects-normal/arm64/VoiceMemo\ iOS.SwiftConstValuesFileList

WriteAuxiliaryFile /Users/user/Library/Developer/Xcode/DerivedData/VoiceMemo-atfnwwoqheqjoadbetovqrwccflr/Build/Intermediates.noindex/VoiceMemo.build/Debug-iphonesimulator/VoiceMemo\ iOS.build/Objects-normal/arm64/VoiceMemo\ iOS.LinkFileList (in target 'VoiceMemo iOS' from project 'VoiceMemo')
    cd /Users/user/project/VoiceMemo
    write-file /Users/user/Library/Developer/Xcode/DerivedData/VoiceMemo-atfnwwoqheqjoadbetovqrwccflr/Build/Intermediates.noindex/VoiceMemo.build/Debug-iphonesimulator/VoiceMemo\ iOS.build/Objects-normal/arm64/VoiceMemo\ iOS.LinkFileList

ProcessProductPackaging "" /Users/user/Library/Developer/Xcode/DerivedData/VoiceMemo-atfnwwoqheqjoadbetovqrwccflr/Build/Intermediates.noindex/VoiceMemo.build/Debug-iphonesimulator/VoiceMemo\ iOS.build/VoiceMemo\ iOS.app-Simulated.xcent (in target 'VoiceMemo iOS' from project 'VoiceMemo')
    cd /Users/user/project/VoiceMemo
    
    Entitlements:
    
    {
    "application-identifier" = "Y4FV6WUU4V.com.voicememo.ios";
}
    
    builtin-productPackagingUtility -entitlements -format xml -o /Users/user/Library/Developer/Xcode/DerivedData/VoiceMemo-atfnwwoqheqjoadbetovqrwccflr/Build/Intermediates.noindex/VoiceMemo.build/Debug-iphonesimulator/VoiceMemo\ iOS.build/VoiceMemo\ iOS.app-Simulated.xcent

ProcessProductPackagingDER /Users/user/Library/Developer/Xcode/DerivedData/VoiceMemo-atfnwwoqheqjoadbetovqrwccflr/Build/Intermediates.noindex/VoiceMemo.build/Debug-iphonesimulator/VoiceMemo\ iOS.build/VoiceMemo\ iOS.app-Simulated.xcent /Users/user/Library/Developer/Xcode/DerivedData/VoiceMemo-atfnwwoqheqjoadbetovqrwccflr/Build/Intermediates.noindex/VoiceMemo.build/Debug-iphonesimulator/VoiceMemo\ iOS.build/VoiceMemo\ iOS.app-Simulated.xcent.der (in target 'VoiceMemo iOS' from project 'VoiceMemo')
    cd /Users/user/project/VoiceMemo
    /usr/bin/derq query -f xml -i /Users/user/Library/Developer/Xcode/DerivedData/VoiceMemo-atfnwwoqheqjoadbetovqrwccflr/Build/Intermediates.noindex/VoiceMemo.build/Debug-iphonesimulator/VoiceMemo\ iOS.build/VoiceMemo\ iOS.app-Simulated.xcent -o /Users/user/Library/Developer/Xcode/DerivedData/VoiceMemo-atfnwwoqheqjoadbetovqrwccflr/Build/Intermediates.noindex/VoiceMemo.build/Debug-iphonesimulator/VoiceMemo\ iOS.build/VoiceMemo\ iOS.app-Simulated.xcent.der --raw

CompileAssetCatalogVariant thinned /Users/user/Library/Developer/Xcode/DerivedData/VoiceMemo-atfnwwoqheqjoadbetovqrwccflr/Build/Products/Debug-iphonesimulator/VoiceMemo\ iOS.app /Users/user/project/VoiceMemo/VoiceMemo\ iOS/Assets.xcassets (in target 'VoiceMemo iOS' from project 'VoiceMemo')
    cd /Users/user/project/VoiceMemo
    /Applications/Xcode.app/Contents/Developer/usr/bin/actool /Users/user/project/VoiceMemo/VoiceMemo\ iOS/Assets.xcassets --compile /Users/user/Library/Developer/Xcode/DerivedData/VoiceMemo-atfnwwoqheqjoadbetovqrwccflr/Build/Intermediates.noindex/VoiceMemo.build/Debug-iphonesimulator/VoiceMemo\ iOS.build/assetcatalog_output/thinned --output-format human-readable-text --notices --warnings --export-dependency-info /Users/user/Library/Developer/Xcode/DerivedData/VoiceMemo-atfnwwoqheqjoadbetovqrwccflr/Build/Intermediates.noindex/VoiceMemo.build/Debug-iphonesimulator/VoiceMemo\ iOS.build/assetcatalog_dependencies_thinned --output-partial-info-plist /Users/user/Library/Developer/Xcode/DerivedData/VoiceMemo-atfnwwoqheqjoadbetovqrwccflr/Build/Intermediates.noindex/VoiceMemo.build/Debug-iphonesimulator/VoiceMemo\ iOS.build/assetcatalog_generated_info.plist_thinned --app-icon AppIcon --accent-color AccentColor --compress-pngs --enable-on-demand-resources YES --development-region en --target-device iphone --target-device ipad --minimum-deployment-target 18.0 --platform iphonesimulator
/* com.apple.actool.compilation-results */
/Users/user/Library/Developer/Xcode/DerivedData/VoiceMemo-atfnwwoqheqjoadbetovqrwccflr/Build/Intermediates.noindex/VoiceMemo.build/Debug-iphonesimulator/VoiceMemo iOS.build/assetcatalog_generated_info.plist_thinned


ProcessInfoPlistFile /Users/user/Library/Developer/Xcode/DerivedData/VoiceMemo-atfnwwoqheqjoadbetovqrwccflr/Build/Products/Debug-iphonesimulator/VoiceMemo\ iOS.app/Info.plist /Users/user/Library/Developer/Xcode/DerivedData/VoiceMemo-atfnwwoqheqjoadbetovqrwccflr/Build/Intermediates.noindex/VoiceMemo.build/Debug-iphonesimulator/VoiceMemo\ iOS.build/empty-VoiceMemo\ iOS.plist (in target 'VoiceMemo iOS' from project 'VoiceMemo')
    cd /Users/user/project/VoiceMemo
    builtin-infoPlistUtility /Users/user/Library/Developer/Xcode/DerivedData/VoiceMemo-atfnwwoqheqjoadbetovqrwccflr/Build/Intermediates.noindex/VoiceMemo.build/Debug-iphonesimulator/VoiceMemo\ iOS.build/empty-VoiceMemo\ iOS.plist -producttype com.apple.product-type.application -genpkginfo /Users/user/Library/Developer/Xcode/DerivedData/VoiceMemo-atfnwwoqheqjoadbetovqrwccflr/Build/Products/Debug-iphonesimulator/VoiceMemo\ iOS.app/PkgInfo -expandbuildsettings -format binary -platform iphonesimulator -additionalcontentfile /Users/user/Library/Developer/Xcode/DerivedData/VoiceMemo-atfnwwoqheqjoadbetovqrwccflr/Build/Intermediates.noindex/VoiceMemo.build/Debug-iphonesimulator/VoiceMemo\ iOS.build/assetcatalog_generated_info.plist -o /Users/user/Library/Developer/Xcode/DerivedData/VoiceMemo-atfnwwoqheqjoadbetovqrwccflr/Build/Products/Debug-iphonesimulator/VoiceMemo\ iOS.app/Info.plist

SwiftDriver VoiceMemo\ iOS normal arm64 com.apple.xcode.tools.swift.compiler (in target 'VoiceMemo iOS' from project 'VoiceMemo')
    cd /Users/user/project/VoiceMemo
    builtin-SwiftDriver -- /Applications/Xcode.app/Contents/Developer/Toolchains/XcodeDefault.xctoolchain/usr/bin/swiftc -module-name VoiceMemo_iOS -Onone -enforce-exclusivity\=checked @/Users/user/Library/Developer/Xcode/DerivedData/VoiceMemo-atfnwwoqheqjoadbetovqrwccflr/Build/Intermediates.noindex/VoiceMemo.build/Debug-iphonesimulator/VoiceMemo\ iOS.build/Objects-normal/arm64/VoiceMemo\ iOS.SwiftFileList -DDEBUG -default-isolation\=MainActor -enable-bare-slash-regex -enable-upcoming-feature DisableOutwardActorInference -enable-upcoming-feature InferSendableFromCaptures -enable-upcoming-feature GlobalActorIsolatedTypesUsability -enable-upcoming-feature MemberImportVisibility -enable-upcoming-feature InferIsolatedConformances -enable-upcoming-feature NonisolatedNonsendingByDefault -enable-experimental-feature DebugDescriptionMacro -sdk /Applications/Xcode.app/Contents/Developer/Platforms/iPhoneSimulator.platform/Developer/SDKs/iPhoneSimulator26.2.sdk -target arm64-apple-ios18.0-simulator -g -module-cache-path /Users/user/Library/Developer/Xcode/DerivedData/ModuleCache.noindex -Xfrontend -serialize-debugging-options -enable-testing -index-store-path /Users/user/Library/Developer/Xcode/DerivedData/VoiceMemo-atfnwwoqheqjoadbetovqrwccflr/Index.noindex/DataStore -Xcc -D_LIBCPP_HARDENING_MODE\=_LIBCPP_HARDENING_MODE_DEBUG -swift-version 5 -I /Users/user/Library/Developer/Xcode/DerivedData/VoiceMemo-atfnwwoqheqjoadbetovqrwccflr/Build/Products/Debug-iphonesimulator -F /Users/user/Library/Developer/Xcode/DerivedData/VoiceMemo-atfnwwoqheqjoadbetovqrwccflr/Build/Products/Debug-iphonesimulator -emit-localized-strings -emit-localized-strings-path /Users/user/Library/Developer/Xcode/DerivedData/VoiceMemo-atfnwwoqheqjoadbetovqrwccflr/Build/Intermediates.noindex/VoiceMemo.build/Debug-iphonesimulator/VoiceMemo\ iOS.build/Objects-normal/arm64 -c -j10 -enable-batch-mode -incremental -Xcc -ivfsstatcache -Xcc /Users/user/Library/Developer/Xcode/DerivedData/SDKStatCaches.noindex/iphonesimulator26.2-23C57-7d00a8b37fbd7999ea79df8ebc024bf0.sdkstatcache -output-file-map /Users/user/Library/Developer/Xcode/DerivedData/VoiceMemo-atfnwwoqheqjoadbetovqrwccflr/Build/Intermediates.noindex/VoiceMemo.build/Debug-iphonesimulator/VoiceMemo\ iOS.build/Objects-normal/arm64/VoiceMemo\ iOS-OutputFileMap.json -use-frontend-parseable-output -save-temps -no-color-diagnostics -explicit-module-build -module-cache-path /Users/user/Library/Developer/Xcode/DerivedData/VoiceMemo-atfnwwoqheqjoadbetovqrwccflr/Build/Intermediates.noindex/SwiftExplicitPrecompiledModules -clang-scanner-module-cache-path /Users/user/Library/Developer/Xcode/DerivedData/ModuleCache.noindex -sdk-module-cache-path /Users/user/Library/Developer/Xcode/DerivedData/ModuleCache.noindex -serialize-diagnostics -emit-dependencies -emit-module -emit-module-path /Users/user/Library/Developer/Xcode/DerivedData/VoiceMemo-atfnwwoqheqjoadbetovqrwccflr/Build/Intermediates.noindex/VoiceMemo.build/Debug-iphonesimulator/VoiceMemo\ iOS.build/Objects-normal/arm64/VoiceMemo_iOS.swiftmodule -validate-clang-modules-once -clang-build-session-file /Users/user/Library/Developer/Xcode/DerivedData/ModuleCache.noindex/Session.modulevalidation -Xcc -I/Users/user/Library/Developer/Xcode/DerivedData/VoiceMemo-atfnwwoqheqjoadbetovqrwccflr/Build/Intermediates.noindex/VoiceMemo.build/Debug-iphonesimulator/VoiceMemo\ iOS.build/swift-overrides.hmap -emit-const-values -Xfrontend -const-gather-protocols-file -Xfrontend /Users/user/Library/Developer/Xcode/DerivedData/VoiceMemo-atfnwwoqheqjoadbetovqrwccflr/Build/Intermediates.noindex/VoiceMemo.build/Debug-iphonesimulator/VoiceMemo\ iOS.build/Objects-normal/arm64/VoiceMemo\ iOS_const_extract_protocols.json -Xcc -iquote -Xcc /Users/user/Library/Developer/Xcode/DerivedData/VoiceMemo-atfnwwoqheqjoadbetovqrwccflr/Build/Intermediates.noindex/VoiceMemo.build/Debug-iphonesimulator/VoiceMemo\ iOS.build/VoiceMemo\ iOS-generated-files.hmap -Xcc -I/Users/user/Library/Developer/Xcode/DerivedData/VoiceMemo-atfnwwoqheqjoadbetovqrwccflr/Build/Intermediates.noindex/VoiceMemo.build/Debug-iphonesimulator/VoiceMemo\ iOS.build/VoiceMemo\ iOS-own-target-headers.hmap -Xcc -I/Users/user/Library/Developer/Xcode/DerivedData/VoiceMemo-atfnwwoqheqjoadbetovqrwccflr/Build/Intermediates.noindex/VoiceMemo.build/Debug-iphonesimulator/VoiceMemo\ iOS.build/VoiceMemo\ iOS-all-target-headers.hmap -Xcc -iquote -Xcc /Users/user/Library/Developer/Xcode/DerivedData/VoiceMemo-atfnwwoqheqjoadbetovqrwccflr/Build/Intermediates.noindex/VoiceMemo.build/Debug-iphonesimulator/VoiceMemo\ iOS.build/VoiceMemo\ iOS-project-headers.hmap -Xcc -I/Users/user/Library/Developer/Xcode/DerivedData/VoiceMemo-atfnwwoqheqjoadbetovqrwccflr/Build/Products/Debug-iphonesimulator/include -Xcc -I/Users/user/Library/Developer/Xcode/DerivedData/VoiceMemo-atfnwwoqheqjoadbetovqrwccflr/Build/Intermediates.noindex/VoiceMemo.build/Debug-iphonesimulator/VoiceMemo\ iOS.build/DerivedSources-normal/arm64 -Xcc -I/Users/user/Library/Developer/Xcode/DerivedData/VoiceMemo-atfnwwoqheqjoadbetovqrwccflr/Build/Intermediates.noindex/VoiceMemo.build/Debug-iphonesimulator/VoiceMemo\ iOS.build/DerivedSources/arm64 -Xcc -I/Users/user/Library/Developer/Xcode/DerivedData/VoiceMemo-atfnwwoqheqjoadbetovqrwccflr/Build/Intermediates.noindex/VoiceMemo.build/Debug-iphonesimulator/VoiceMemo\ iOS.build/DerivedSources -Xcc -DDEBUG\=1 -emit-objc-header -emit-objc-header-path /Users/user/Library/Developer/Xcode/DerivedData/VoiceMemo-atfnwwoqheqjoadbetovqrwccflr/Build/Intermediates.noindex/VoiceMemo.build/Debug-iphonesimulator/VoiceMemo\ iOS.build/Objects-normal/arm64/VoiceMemo_iOS-Swift.h -working-directory /Users/user/project/VoiceMemo -experimental-emit-module-separately -disable-cmo

SwiftEmitModule normal arm64 Emitting\ module\ for\ VoiceMemo_iOS (in target 'VoiceMemo iOS' from project 'VoiceMemo')

EmitSwiftModule normal arm64 (in target 'VoiceMemo iOS' from project 'VoiceMemo')
    cd /Users/user/project/VoiceMemo
    

SwiftCompile normal arm64 Compiling\ RecordingHomeView.swift /Users/user/project/VoiceMemo/VoiceMemo\ iOS/Views/RecordingHomeView.swift (in target 'VoiceMemo iOS' from project 'VoiceMemo')
SwiftCompile normal arm64 /Users/user/project/VoiceMemo/VoiceMemo\ iOS/Views/RecordingHomeView.swift (in target 'VoiceMemo iOS' from project 'VoiceMemo')
    cd /Users/user/project/VoiceMemo
    

SwiftDriverJobDiscovery normal arm64 Emitting module for VoiceMemo_iOS (in target 'VoiceMemo iOS' from project 'VoiceMemo')

SwiftDriver\ Compilation\ Requirements VoiceMemo\ iOS normal arm64 com.apple.xcode.tools.swift.compiler (in target 'VoiceMemo iOS' from project 'VoiceMemo')
    cd /Users/user/project/VoiceMemo
    builtin-Swift-Compilation-Requirements -- /Applications/Xcode.app/Contents/Developer/Toolchains/XcodeDefault.xctoolchain/usr/bin/swiftc -module-name VoiceMemo_iOS -Onone -enforce-exclusivity\=checked @/Users/user/Library/Developer/Xcode/DerivedData/VoiceMemo-atfnwwoqheqjoadbetovqrwccflr/Build/Intermediates.noindex/VoiceMemo.build/Debug-iphonesimulator/VoiceMemo\ iOS.build/Objects-normal/arm64/VoiceMemo\ iOS.SwiftFileList -DDEBUG -default-isolation\=MainActor -enable-bare-slash-regex -enable-upcoming-feature DisableOutwardActorInference -enable-upcoming-feature InferSendableFromCaptures -enable-upcoming-feature GlobalActorIsolatedTypesUsability -enable-upcoming-feature MemberImportVisibility -enable-upcoming-feature InferIsolatedConformances -enable-upcoming-feature NonisolatedNonsendingByDefault -enable-experimental-feature DebugDescriptionMacro -sdk /Applications/Xcode.app/Contents/Developer/Platforms/iPhoneSimulator.platform/Developer/SDKs/iPhoneSimulator26.2.sdk -target arm64-apple-ios18.0-simulator -g -module-cache-path /Users/user/Library/Developer/Xcode/DerivedData/ModuleCache.noindex -Xfrontend -serialize-debugging-options -enable-testing -index-store-path /Users/user/Library/Developer/Xcode/DerivedData/VoiceMemo-atfnwwoqheqjoadbetovqrwccflr/Index.noindex/DataStore -Xcc -D_LIBCPP_HARDENING_MODE\=_LIBCPP_HARDENING_MODE_DEBUG -swift-version 5 -I /Users/user/Library/Developer/Xcode/DerivedData/VoiceMemo-atfnwwoqheqjoadbetovqrwccflr/Build/Products/Debug-iphonesimulator -F /Users/user/Library/Developer/Xcode/DerivedData/VoiceMemo-atfnwwoqheqjoadbetovqrwccflr/Build/Products/Debug-iphonesimulator -emit-localized-strings -emit-localized-strings-path /Users/user/Library/Developer/Xcode/DerivedData/VoiceMemo-atfnwwoqheqjoadbetovqrwccflr/Build/Intermediates.noindex/VoiceMemo.build/Debug-iphonesimulator/VoiceMemo\ iOS.build/Objects-normal/arm64 -c -j10 -enable-batch-mode -incremental -Xcc -ivfsstatcache -Xcc /Users/user/Library/Developer/Xcode/DerivedData/SDKStatCaches.noindex/iphonesimulator26.2-23C57-7d00a8b37fbd7999ea79df8ebc024bf0.sdkstatcache -output-file-map /Users/user/Library/Developer/Xcode/DerivedData/VoiceMemo-atfnwwoqheqjoadbetovqrwccflr/Build/Intermediates.noindex/VoiceMemo.build/Debug-iphonesimulator/VoiceMemo\ iOS.build/Objects-normal/arm64/VoiceMemo\ iOS-OutputFileMap.json -use-frontend-parseable-output -save-temps -no-color-diagnostics -explicit-module-build -module-cache-path /Users/user/Library/Developer/Xcode/DerivedData/VoiceMemo-atfnwwoqheqjoadbetovqrwccflr/Build/Intermediates.noindex/SwiftExplicitPrecompiledModules -clang-scanner-module-cache-path /Users/user/Library/Developer/Xcode/DerivedData/ModuleCache.noindex -sdk-module-cache-path /Users/user/Library/Developer/Xcode/DerivedData/ModuleCache.noindex -serialize-diagnostics -emit-dependencies -emit-module -emit-module-path /Users/user/Library/Developer/Xcode/DerivedData/VoiceMemo-atfnwwoqheqjoadbetovqrwccflr/Build/Intermediates.noindex/VoiceMemo.build/Debug-iphonesimulator/VoiceMemo\ iOS.build/Objects-normal/arm64/VoiceMemo_iOS.swiftmodule -validate-clang-modules-once -clang-build-session-file /Users/user/Library/Developer/Xcode/DerivedData/ModuleCache.noindex/Session.modulevalidation -Xcc -I/Users/user/Library/Developer/Xcode/DerivedData/VoiceMemo-atfnwwoqheqjoadbetovqrwccflr/Build/Intermediates.noindex/VoiceMemo.build/Debug-iphonesimulator/VoiceMemo\ iOS.build/swift-overrides.hmap -emit-const-values -Xfrontend -const-gather-protocols-file -Xfrontend /Users/user/Library/Developer/Xcode/DerivedData/VoiceMemo-atfnwwoqheqjoadbetovqrwccflr/Build/Intermediates.noindex/VoiceMemo.build/Debug-iphonesimulator/VoiceMemo\ iOS.build/Objects-normal/arm64/VoiceMemo\ iOS_const_extract_protocols.json -Xcc -iquote -Xcc /Users/user/Library/Developer/Xcode/DerivedData/VoiceMemo-atfnwwoqheqjoadbetovqrwccflr/Build/Intermediates.noindex/VoiceMemo.build/Debug-iphonesimulator/VoiceMemo\ iOS.build/VoiceMemo\ iOS-generated-files.hmap -Xcc -I/Users/user/Library/Developer/Xcode/DerivedData/VoiceMemo-atfnwwoqheqjoadbetovqrwccflr/Build/Intermediates.noindex/VoiceMemo.build/Debug-iphonesimulator/VoiceMemo\ iOS.build/VoiceMemo\ iOS-own-target-headers.hmap -Xcc -I/Users/user/Library/Developer/Xcode/DerivedData/VoiceMemo-atfnwwoqheqjoadbetovqrwccflr/Build/Intermediates.noindex/VoiceMemo.build/Debug-iphonesimulator/VoiceMemo\ iOS.build/VoiceMemo\ iOS-all-target-headers.hmap -Xcc -iquote -Xcc /Users/user/Library/Developer/Xcode/DerivedData/VoiceMemo-atfnwwoqheqjoadbetovqrwccflr/Build/Intermediates.noindex/VoiceMemo.build/Debug-iphonesimulator/VoiceMemo\ iOS.build/VoiceMemo\ iOS-project-headers.hmap -Xcc -I/Users/user/Library/Developer/Xcode/DerivedData/VoiceMemo-atfnwwoqheqjoadbetovqrwccflr/Build/Products/Debug-iphonesimulator/include -Xcc -I/Users/user/Library/Developer/Xcode/DerivedData/VoiceMemo-atfnwwoqheqjoadbetovqrwccflr/Build/Intermediates.noindex/VoiceMemo.build/Debug-iphonesimulator/VoiceMemo\ iOS.build/DerivedSources-normal/arm64 -Xcc -I/Users/user/Library/Developer/Xcode/DerivedData/VoiceMemo-atfnwwoqheqjoadbetovqrwccflr/Build/Intermediates.noindex/VoiceMemo.build/Debug-iphonesimulator/VoiceMemo\ iOS.build/DerivedSources/arm64 -Xcc -I/Users/user/Library/Developer/Xcode/DerivedData/VoiceMemo-atfnwwoqheqjoadbetovqrwccflr/Build/Intermediates.noindex/VoiceMemo.build/Debug-iphonesimulator/VoiceMemo\ iOS.build/DerivedSources -Xcc -DDEBUG\=1 -emit-objc-header -emit-objc-header-path /Users/user/Library/Developer/Xcode/DerivedData/VoiceMemo-atfnwwoqheqjoadbetovqrwccflr/Build/Intermediates.noindex/VoiceMemo.build/Debug-iphonesimulator/VoiceMemo\ iOS.build/Objects-normal/arm64/VoiceMemo_iOS-Swift.h -working-directory /Users/user/project/VoiceMemo -experimental-emit-module-separately -disable-cmo

Copy /Users/user/Library/Developer/Xcode/DerivedData/VoiceMemo-atfnwwoqheqjoadbetovqrwccflr/Build/Products/Debug-iphonesimulator/VoiceMemo_iOS.swiftmodule/arm64-apple-ios-simulator.swiftdoc /Users/user/Library/Developer/Xcode/DerivedData/VoiceMemo-atfnwwoqheqjoadbetovqrwccflr/Build/Intermediates.noindex/VoiceMemo.build/Debug-iphonesimulator/VoiceMemo\ iOS.build/Objects-normal/arm64/VoiceMemo_iOS.swiftdoc (in target 'VoiceMemo iOS' from project 'VoiceMemo')
    cd /Users/user/project/VoiceMemo
    builtin-copy -exclude .DS_Store -exclude CVS -exclude .svn -exclude .git -exclude .hg -resolve-src-symlinks -rename /Users/user/Library/Developer/Xcode/DerivedData/VoiceMemo-atfnwwoqheqjoadbetovqrwccflr/Build/Intermediates.noindex/VoiceMemo.build/Debug-iphonesimulator/VoiceMemo\ iOS.build/Objects-normal/arm64/VoiceMemo_iOS.swiftdoc /Users/user/Library/Developer/Xcode/DerivedData/VoiceMemo-atfnwwoqheqjoadbetovqrwccflr/Build/Products/Debug-iphonesimulator/VoiceMemo_iOS.swiftmodule/arm64-apple-ios-simulator.swiftdoc

SwiftMergeGeneratedHeaders /Users/user/Library/Developer/Xcode/DerivedData/VoiceMemo-atfnwwoqheqjoadbetovqrwccflr/Build/Intermediates.noindex/VoiceMemo.build/Debug-iphonesimulator/VoiceMemo\ iOS.build/DerivedSources/VoiceMemo_iOS-Swift.h /Users/user/Library/Developer/Xcode/DerivedData/VoiceMemo-atfnwwoqheqjoadbetovqrwccflr/Build/Intermediates.noindex/VoiceMemo.build/Debug-iphonesimulator/VoiceMemo\ iOS.build/Objects-normal/arm64/VoiceMemo_iOS-Swift.h /Users/user/Library/Developer/Xcode/DerivedData/VoiceMemo-atfnwwoqheqjoadbetovqrwccflr/Build/Intermediates.noindex/VoiceMemo.build/Debug-iphonesimulator/VoiceMemo\ iOS.build/Objects-normal/x86_64/VoiceMemo_iOS-Swift.h (in target 'VoiceMemo iOS' from project 'VoiceMemo')
    cd /Users/user/project/VoiceMemo
    builtin-swiftHeaderTool -arch arm64 /Users/user/Library/Developer/Xcode/DerivedData/VoiceMemo-atfnwwoqheqjoadbetovqrwccflr/Build/Intermediates.noindex/VoiceMemo.build/Debug-iphonesimulator/VoiceMemo\ iOS.build/Objects-normal/arm64/VoiceMemo_iOS-Swift.h -arch x86_64 /Users/user/Library/Developer/Xcode/DerivedData/VoiceMemo-atfnwwoqheqjoadbetovqrwccflr/Build/Intermediates.noindex/VoiceMemo.build/Debug-iphonesimulator/VoiceMemo\ iOS.build/Objects-normal/x86_64/VoiceMemo_iOS-Swift.h -o /Users/user/Library/Developer/Xcode/DerivedData/VoiceMemo-atfnwwoqheqjoadbetovqrwccflr/Build/Intermediates.noindex/VoiceMemo.build/Debug-iphonesimulator/VoiceMemo\ iOS.build/DerivedSources/VoiceMemo_iOS-Swift.h

Copy /Users/user/Library/Developer/Xcode/DerivedData/VoiceMemo-atfnwwoqheqjoadbetovqrwccflr/Build/Products/Debug-iphonesimulator/VoiceMemo_iOS.swiftmodule/arm64-apple-ios-simulator.swiftmodule /Users/user/Library/Developer/Xcode/DerivedData/VoiceMemo-atfnwwoqheqjoadbetovqrwccflr/Build/Intermediates.noindex/VoiceMemo.build/Debug-iphonesimulator/VoiceMemo\ iOS.build/Objects-normal/arm64/VoiceMemo_iOS.swiftmodule (in target 'VoiceMemo iOS' from project 'VoiceMemo')
    cd /Users/user/project/VoiceMemo
    builtin-copy -exclude .DS_Store -exclude CVS -exclude .svn -exclude .git -exclude .hg -resolve-src-symlinks -rename /Users/user/Library/Developer/Xcode/DerivedData/VoiceMemo-atfnwwoqheqjoadbetovqrwccflr/Build/Intermediates.noindex/VoiceMemo.build/Debug-iphonesimulator/VoiceMemo\ iOS.build/Objects-normal/arm64/VoiceMemo_iOS.swiftmodule /Users/user/Library/Developer/Xcode/DerivedData/VoiceMemo-atfnwwoqheqjoadbetovqrwccflr/Build/Products/Debug-iphonesimulator/VoiceMemo_iOS.swiftmodule/arm64-apple-ios-simulator.swiftmodule

Copy /Users/user/Library/Developer/Xcode/DerivedData/VoiceMemo-atfnwwoqheqjoadbetovqrwccflr/Build/Products/Debug-iphonesimulator/VoiceMemo_iOS.swiftmodule/Project/arm64-apple-ios-simulator.swiftsourceinfo /Users/user/Library/Developer/Xcode/DerivedData/VoiceMemo-atfnwwoqheqjoadbetovqrwccflr/Build/Intermediates.noindex/VoiceMemo.build/Debug-iphonesimulator/VoiceMemo\ iOS.build/Objects-normal/arm64/VoiceMemo_iOS.swiftsourceinfo (in target 'VoiceMemo iOS' from project 'VoiceMemo')
    cd /Users/user/project/VoiceMemo
    builtin-copy -exclude .DS_Store -exclude CVS -exclude .svn -exclude .git -exclude .hg -resolve-src-symlinks -rename /Users/user/Library/Developer/Xcode/DerivedData/VoiceMemo-atfnwwoqheqjoadbetovqrwccflr/Build/Intermediates.noindex/VoiceMemo.build/Debug-iphonesimulator/VoiceMemo\ iOS.build/Objects-normal/arm64/VoiceMemo_iOS.swiftsourceinfo /Users/user/Library/Developer/Xcode/DerivedData/VoiceMemo-atfnwwoqheqjoadbetovqrwccflr/Build/Products/Debug-iphonesimulator/VoiceMemo_iOS.swiftmodule/Project/arm64-apple-ios-simulator.swiftsourceinfo

Copy /Users/user/Library/Developer/Xcode/DerivedData/VoiceMemo-atfnwwoqheqjoadbetovqrwccflr/Build/Products/Debug-iphonesimulator/VoiceMemo_iOS.swiftmodule/arm64-apple-ios-simulator.abi.json /Users/user/Library/Developer/Xcode/DerivedData/VoiceMemo-atfnwwoqheqjoadbetovqrwccflr/Build/Intermediates.noindex/VoiceMemo.build/Debug-iphonesimulator/VoiceMemo\ iOS.build/Objects-normal/arm64/VoiceMemo_iOS.abi.json (in target 'VoiceMemo iOS' from project 'VoiceMemo')
    cd /Users/user/project/VoiceMemo
    builtin-copy -exclude .DS_Store -exclude CVS -exclude .svn -exclude .git -exclude .hg -resolve-src-symlinks -rename /Users/user/Library/Developer/Xcode/DerivedData/VoiceMemo-atfnwwoqheqjoadbetovqrwccflr/Build/Intermediates.noindex/VoiceMemo.build/Debug-iphonesimulator/VoiceMemo\ iOS.build/Objects-normal/arm64/VoiceMemo_iOS.abi.json /Users/user/Library/Developer/Xcode/DerivedData/VoiceMemo-atfnwwoqheqjoadbetovqrwccflr/Build/Products/Debug-iphonesimulator/VoiceMemo_iOS.swiftmodule/arm64-apple-ios-simulator.abi.json

SwiftDriverJobDiscovery normal arm64 Compiling RecordingHomeView.swift (in target 'VoiceMemo iOS' from project 'VoiceMemo')

SwiftDriver\ Compilation VoiceMemo\ iOS normal arm64 com.apple.xcode.tools.swift.compiler (in target 'VoiceMemo iOS' from project 'VoiceMemo')
    cd /Users/user/project/VoiceMemo
    builtin-Swift-Compilation -- /Applications/Xcode.app/Contents/Developer/Toolchains/XcodeDefault.xctoolchain/usr/bin/swiftc -module-name VoiceMemo_iOS -Onone -enforce-exclusivity\=checked @/Users/user/Library/Developer/Xcode/DerivedData/VoiceMemo-atfnwwoqheqjoadbetovqrwccflr/Build/Intermediates.noindex/VoiceMemo.build/Debug-iphonesimulator/VoiceMemo\ iOS.build/Objects-normal/arm64/VoiceMemo\ iOS.SwiftFileList -DDEBUG -default-isolation\=MainActor -enable-bare-slash-regex -enable-upcoming-feature DisableOutwardActorInference -enable-upcoming-feature InferSendableFromCaptures -enable-upcoming-feature GlobalActorIsolatedTypesUsability -enable-upcoming-feature MemberImportVisibility -enable-upcoming-feature InferIsolatedConformances -enable-upcoming-feature NonisolatedNonsendingByDefault -enable-experimental-feature DebugDescriptionMacro -sdk /Applications/Xcode.app/Contents/Developer/Platforms/iPhoneSimulator.platform/Developer/SDKs/iPhoneSimulator26.2.sdk -target arm64-apple-ios18.0-simulator -g -module-cache-path /Users/user/Library/Developer/Xcode/DerivedData/ModuleCache.noindex -Xfrontend -serialize-debugging-options -enable-testing -index-store-path /Users/user/Library/Developer/Xcode/DerivedData/VoiceMemo-atfnwwoqheqjoadbetovqrwccflr/Index.noindex/DataStore -Xcc -D_LIBCPP_HARDENING_MODE\=_LIBCPP_HARDENING_MODE_DEBUG -swift-version 5 -I /Users/user/Library/Developer/Xcode/DerivedData/VoiceMemo-atfnwwoqheqjoadbetovqrwccflr/Build/Products/Debug-iphonesimulator -F /Users/user/Library/Developer/Xcode/DerivedData/VoiceMemo-atfnwwoqheqjoadbetovqrwccflr/Build/Products/Debug-iphonesimulator -emit-localized-strings -emit-localized-strings-path /Users/user/Library/Developer/Xcode/DerivedData/VoiceMemo-atfnwwoqheqjoadbetovqrwccflr/Build/Intermediates.noindex/VoiceMemo.build/Debug-iphonesimulator/VoiceMemo\ iOS.build/Objects-normal/arm64 -c -j10 -enable-batch-mode -incremental -Xcc -ivfsstatcache -Xcc /Users/user/Library/Developer/Xcode/DerivedData/SDKStatCaches.noindex/iphonesimulator26.2-23C57-7d00a8b37fbd7999ea79df8ebc024bf0.sdkstatcache -output-file-map /Users/user/Library/Developer/Xcode/DerivedData/VoiceMemo-atfnwwoqheqjoadbetovqrwccflr/Build/Intermediates.noindex/VoiceMemo.build/Debug-iphonesimulator/VoiceMemo\ iOS.build/Objects-normal/arm64/VoiceMemo\ iOS-OutputFileMap.json -use-frontend-parseable-output -save-temps -no-color-diagnostics -explicit-module-build -module-cache-path /Users/user/Library/Developer/Xcode/DerivedData/VoiceMemo-atfnwwoqheqjoadbetovqrwccflr/Build/Intermediates.noindex/SwiftExplicitPrecompiledModules -clang-scanner-module-cache-path /Users/user/Library/Developer/Xcode/DerivedData/ModuleCache.noindex -sdk-module-cache-path /Users/user/Library/Developer/Xcode/DerivedData/ModuleCache.noindex -serialize-diagnostics -emit-dependencies -emit-module -emit-module-path /Users/user/Library/Developer/Xcode/DerivedData/VoiceMemo-atfnwwoqheqjoadbetovqrwccflr/Build/Intermediates.noindex/VoiceMemo.build/Debug-iphonesimulator/VoiceMemo\ iOS.build/Objects-normal/arm64/VoiceMemo_iOS.swiftmodule -validate-clang-modules-once -clang-build-session-file /Users/user/Library/Developer/Xcode/DerivedData/ModuleCache.noindex/Session.modulevalidation -Xcc -I/Users/user/Library/Developer/Xcode/DerivedData/VoiceMemo-atfnwwoqheqjoadbetovqrwccflr/Build/Intermediates.noindex/VoiceMemo.build/Debug-iphonesimulator/VoiceMemo\ iOS.build/swift-overrides.hmap -emit-const-values -Xfrontend -const-gather-protocols-file -Xfrontend /Users/user/Library/Developer/Xcode/DerivedData/VoiceMemo-atfnwwoqheqjoadbetovqrwccflr/Build/Intermediates.noindex/VoiceMemo.build/Debug-iphonesimulator/VoiceMemo\ iOS.build/Objects-normal/arm64/VoiceMemo\ iOS_const_extract_protocols.json -Xcc -iquote -Xcc /Users/user/Library/Developer/Xcode/DerivedData/VoiceMemo-atfnwwoqheqjoadbetovqrwccflr/Build/Intermediates.noindex/VoiceMemo.build/Debug-iphonesimulator/VoiceMemo\ iOS.build/VoiceMemo\ iOS-generated-files.hmap -Xcc -I/Users/user/Library/Developer/Xcode/DerivedData/VoiceMemo-atfnwwoqheqjoadbetovqrwccflr/Build/Intermediates.noindex/VoiceMemo.build/Debug-iphonesimulator/VoiceMemo\ iOS.build/VoiceMemo\ iOS-own-target-headers.hmap -Xcc -I/Users/user/Library/Developer/Xcode/DerivedData/VoiceMemo-atfnwwoqheqjoadbetovqrwccflr/Build/Intermediates.noindex/VoiceMemo.build/Debug-iphonesimulator/VoiceMemo\ iOS.build/VoiceMemo\ iOS-all-target-headers.hmap -Xcc -iquote -Xcc /Users/user/Library/Developer/Xcode/DerivedData/VoiceMemo-atfnwwoqheqjoadbetovqrwccflr/Build/Intermediates.noindex/VoiceMemo.build/Debug-iphonesimulator/VoiceMemo\ iOS.build/VoiceMemo\ iOS-project-headers.hmap -Xcc -I/Users/user/Library/Developer/Xcode/DerivedData/VoiceMemo-atfnwwoqheqjoadbetovqrwccflr/Build/Products/Debug-iphonesimulator/include -Xcc -I/Users/user/Library/Developer/Xcode/DerivedData/VoiceMemo-atfnwwoqheqjoadbetovqrwccflr/Build/Intermediates.noindex/VoiceMemo.build/Debug-iphonesimulator/VoiceMemo\ iOS.build/DerivedSources-normal/arm64 -Xcc -I/Users/user/Library/Developer/Xcode/DerivedData/VoiceMemo-atfnwwoqheqjoadbetovqrwccflr/Build/Intermediates.noindex/VoiceMemo.build/Debug-iphonesimulator/VoiceMemo\ iOS.build/DerivedSources/arm64 -Xcc -I/Users/user/Library/Developer/Xcode/DerivedData/VoiceMemo-atfnwwoqheqjoadbetovqrwccflr/Build/Intermediates.noindex/VoiceMemo.build/Debug-iphonesimulator/VoiceMemo\ iOS.build/DerivedSources -Xcc -DDEBUG\=1 -emit-objc-header -emit-objc-header-path /Users/user/Library/Developer/Xcode/DerivedData/VoiceMemo-atfnwwoqheqjoadbetovqrwccflr/Build/Intermediates.noindex/VoiceMemo.build/Debug-iphonesimulator/VoiceMemo\ iOS.build/Objects-normal/arm64/VoiceMemo_iOS-Swift.h -working-directory /Users/user/project/VoiceMemo -experimental-emit-module-separately -disable-cmo

Ld /Users/user/Library/Developer/Xcode/DerivedData/VoiceMemo-atfnwwoqheqjoadbetovqrwccflr/Build/Intermediates.noindex/VoiceMemo.build/Debug-iphonesimulator/VoiceMemo\ iOS.build/Objects-normal/arm64/Binary/VoiceMemo\ iOS.debug.dylib normal arm64 (in target 'VoiceMemo iOS' from project 'VoiceMemo')
    cd /Users/user/project/VoiceMemo
    /Applications/Xcode.app/Contents/Developer/Toolchains/XcodeDefault.xctoolchain/usr/bin/clang -Xlinker -reproducible -target arm64-apple-ios18.0-simulator -dynamiclib -isysroot /Applications/Xcode.app/Contents/Developer/Platforms/iPhoneSimulator.platform/Developer/SDKs/iPhoneSimulator26.2.sdk -O0 -L/Users/user/Library/Developer/Xcode/DerivedData/VoiceMemo-atfnwwoqheqjoadbetovqrwccflr/Build/Intermediates.noindex/EagerLinkingTBDs/Debug-iphonesimulator -L/Users/user/Library/Developer/Xcode/DerivedData/VoiceMemo-atfnwwoqheqjoadbetovqrwccflr/Build/Products/Debug-iphonesimulator -F/Users/user/Library/Developer/Xcode/DerivedData/VoiceMemo-atfnwwoqheqjoadbetovqrwccflr/Build/Intermediates.noindex/EagerLinkingTBDs/Debug-iphonesimulator -F/Users/user/Library/Developer/Xcode/DerivedData/VoiceMemo-atfnwwoqheqjoadbetovqrwccflr/Build/Products/Debug-iphonesimulator -filelist /Users/user/Library/Developer/Xcode/DerivedData/VoiceMemo-atfnwwoqheqjoadbetovqrwccflr/Build/Intermediates.noindex/VoiceMemo.build/Debug-iphonesimulator/VoiceMemo\ iOS.build/Objects-normal/arm64/VoiceMemo\ iOS.LinkFileList -install_name @rpath/VoiceMemo\ iOS.debug.dylib -Xlinker -rpath -Xlinker /usr/lib/swift -Xlinker -rpath -Xlinker @executable_path/Frameworks -dead_strip -Xlinker -object_path_lto -Xlinker /Users/user/Library/Developer/Xcode/DerivedData/VoiceMemo-atfnwwoqheqjoadbetovqrwccflr/Build/Intermediates.noindex/VoiceMemo.build/Debug-iphonesimulator/VoiceMemo\ iOS.build/Objects-normal/arm64/VoiceMemo\ iOS_lto.o -rdynamic -Xlinker -no_deduplicate -Xlinker -objc_abi_version -Xlinker 2 -Xlinker -dependency_info -Xlinker /Users/user/Library/Developer/Xcode/DerivedData/VoiceMemo-atfnwwoqheqjoadbetovqrwccflr/Build/Intermediates.noindex/VoiceMemo.build/Debug-iphonesimulator/VoiceMemo\ iOS.build/Objects-normal/arm64/VoiceMemo\ iOS_dependency_info.dat -fobjc-link-runtime -L/Applications/Xcode.app/Contents/Developer/Toolchains/XcodeDefault.xctoolchain/usr/lib/swift/iphonesimulator -L/usr/lib/swift -Xlinker -add_ast_path -Xlinker /Users/user/Library/Developer/Xcode/DerivedData/VoiceMemo-atfnwwoqheqjoadbetovqrwccflr/Build/Intermediates.noindex/VoiceMemo.build/Debug-iphonesimulator/VoiceMemo\ iOS.build/Objects-normal/arm64/VoiceMemo_iOS.swiftmodule @/Users/user/Library/Developer/Xcode/DerivedData/VoiceMemo-atfnwwoqheqjoadbetovqrwccflr/Build/Intermediates.noindex/VoiceMemo.build/Debug-iphonesimulator/VoiceMemo\ iOS.build/Objects-normal/arm64/VoiceMemo_iOS-linker-args.resp -Xlinker -alias -Xlinker _main -Xlinker ___debug_main_executable_dylib_entry_point -Xlinker -no_adhoc_codesign -o /Users/user/Library/Developer/Xcode/DerivedData/VoiceMemo-atfnwwoqheqjoadbetovqrwccflr/Build/Intermediates.noindex/VoiceMemo.build/Debug-iphonesimulator/VoiceMemo\ iOS.build/Objects-normal/arm64/Binary/VoiceMemo\ iOS.debug.dylib

ConstructStubExecutorLinkFileList /Users/user/Library/Developer/Xcode/DerivedData/VoiceMemo-atfnwwoqheqjoadbetovqrwccflr/Build/Intermediates.noindex/VoiceMemo.build/Debug-iphonesimulator/VoiceMemo\ iOS.build/VoiceMemo\ iOS-ExecutorLinkFileList-normal-arm64.txt (in target 'VoiceMemo iOS' from project 'VoiceMemo')
    cd /Users/user/project/VoiceMemo
    construct-stub-executor-link-file-list /Users/user/Library/Developer/Xcode/DerivedData/VoiceMemo-atfnwwoqheqjoadbetovqrwccflr/Build/Intermediates.noindex/VoiceMemo.build/Debug-iphonesimulator/VoiceMemo\ iOS.build/Objects-normal/arm64/Binary/VoiceMemo\ iOS.debug.dylib /Applications/Xcode.app/Contents/Developer/Platforms/iPhoneSimulator.platform/Developer/usr/lib/libPreviewsJITStubExecutor_no_swift_entry_point.a /Applications/Xcode.app/Contents/Developer/Platforms/iPhoneSimulator.platform/Developer/usr/lib/libPreviewsJITStubExecutor.a --output /Users/user/Library/Developer/Xcode/DerivedData/VoiceMemo-atfnwwoqheqjoadbetovqrwccflr/Build/Intermediates.noindex/VoiceMemo.build/Debug-iphonesimulator/VoiceMemo\ iOS.build/VoiceMemo\ iOS-ExecutorLinkFileList-normal-arm64.txt
note: Using stub executor library with Swift entry point. (in target 'VoiceMemo iOS' from project 'VoiceMemo')

CopySwiftLibs /Users/user/Library/Developer/Xcode/DerivedData/VoiceMemo-atfnwwoqheqjoadbetovqrwccflr/Build/Products/Debug-iphonesimulator/VoiceMemo\ iOS.app (in target 'VoiceMemo iOS' from project 'VoiceMemo')
    cd /Users/user/project/VoiceMemo
    builtin-swiftStdLibTool --copy --verbose --sign - --scan-executable /Users/user/Library/Developer/Xcode/DerivedData/VoiceMemo-atfnwwoqheqjoadbetovqrwccflr/Build/Products/Debug-iphonesimulator/VoiceMemo\ iOS.app/VoiceMemo\ iOS.debug.dylib --scan-folder /Users/user/Library/Developer/Xcode/DerivedData/VoiceMemo-atfnwwoqheqjoadbetovqrwccflr/Build/Products/Debug-iphonesimulator/VoiceMemo\ iOS.app/Frameworks --scan-folder /Users/user/Library/Developer/Xcode/DerivedData/VoiceMemo-atfnwwoqheqjoadbetovqrwccflr/Build/Products/Debug-iphonesimulator/VoiceMemo\ iOS.app/PlugIns --scan-folder /Users/user/Library/Developer/Xcode/DerivedData/VoiceMemo-atfnwwoqheqjoadbetovqrwccflr/Build/Products/Debug-iphonesimulator/VoiceMemo\ iOS.app/SystemExtensions --scan-folder /Users/user/Library/Developer/Xcode/DerivedData/VoiceMemo-atfnwwoqheqjoadbetovqrwccflr/Build/Products/Debug-iphonesimulator/VoiceMemo\ iOS.app/Extensions --platform iphonesimulator --toolchain /Applications/Xcode.app/Contents/Developer/Toolchains/XcodeDefault.xctoolchain --destination /Users/user/Library/Developer/Xcode/DerivedData/VoiceMemo-atfnwwoqheqjoadbetovqrwccflr/Build/Products/Debug-iphonesimulator/VoiceMemo\ iOS.app/Frameworks --strip-bitcode --strip-bitcode-tool /Applications/Xcode.app/Contents/Developer/Toolchains/XcodeDefault.xctoolchain/usr/bin/bitcode_strip --emit-dependency-info /Users/user/Library/Developer/Xcode/DerivedData/VoiceMemo-atfnwwoqheqjoadbetovqrwccflr/Build/Intermediates.noindex/VoiceMemo.build/Debug-iphonesimulator/VoiceMemo\ iOS.build/SwiftStdLibToolInputDependencies.dep --filter-for-swift-os --back-deploy-swift-span

ExtractAppIntentsMetadata (in target 'VoiceMemo iOS' from project 'VoiceMemo')
    cd /Users/user/project/VoiceMemo
    /Applications/Xcode.app/Contents/Developer/Toolchains/XcodeDefault.xctoolchain/usr/bin/appintentsmetadataprocessor --toolchain-dir /Applications/Xcode.app/Contents/Developer/Toolchains/XcodeDefault.xctoolchain --module-name VoiceMemo_iOS --sdk-root /Applications/Xcode.app/Contents/Developer/Platforms/iPhoneSimulator.platform/Developer/SDKs/iPhoneSimulator26.2.sdk --xcode-version 17C529 --platform-family iOS --deployment-target 18.0 --bundle-identifier com.voicememo.ios --output /Users/user/Library/Developer/Xcode/DerivedData/VoiceMemo-atfnwwoqheqjoadbetovqrwccflr/Build/Products/Debug-iphonesimulator/VoiceMemo\ iOS.app --target-triple arm64-apple-ios18.0-simulator --target-triple x86_64-apple-ios18.0-simulator --binary-file /Users/user/Library/Developer/Xcode/DerivedData/VoiceMemo-atfnwwoqheqjoadbetovqrwccflr/Build/Products/Debug-iphonesimulator/VoiceMemo\ iOS.app/VoiceMemo\ iOS --dependency-file /Users/user/Library/Developer/Xcode/DerivedData/VoiceMemo-atfnwwoqheqjoadbetovqrwccflr/Build/Intermediates.noindex/VoiceMemo.build/Debug-iphonesimulator/VoiceMemo\ iOS.build/Objects-normal/arm64/VoiceMemo\ iOS_dependency_info.dat --dependency-file /Users/user/Library/Developer/Xcode/DerivedData/VoiceMemo-atfnwwoqheqjoadbetovqrwccflr/Build/Intermediates.noindex/VoiceMemo.build/Debug-iphonesimulator/VoiceMemo\ iOS.build/Objects-normal/x86_64/VoiceMemo\ iOS_dependency_info.dat --stringsdata-file /Users/user/Library/Developer/Xcode/DerivedData/VoiceMemo-atfnwwoqheqjoadbetovqrwccflr/Build/Intermediates.noindex/VoiceMemo.build/Debug-iphonesimulator/VoiceMemo\ iOS.build/Objects-normal/arm64/ExtractedAppShortcutsMetadata.stringsdata --stringsdata-file /Users/user/Library/Developer/Xcode/DerivedData/VoiceMemo-atfnwwoqheqjoadbetovqrwccflr/Build/Intermediates.noindex/VoiceMemo.build/Debug-iphonesimulator/VoiceMemo\ iOS.build/Objects-normal/x86_64/ExtractedAppShortcutsMetadata.stringsdata --source-file-list /Users/user/Library/Developer/Xcode/DerivedData/VoiceMemo-atfnwwoqheqjoadbetovqrwccflr/Build/Intermediates.noindex/VoiceMemo.build/Debug-iphonesimulator/VoiceMemo\ iOS.build/Objects-normal/arm64/VoiceMemo\ iOS.SwiftFileList --source-file-list /Users/user/Library/Developer/Xcode/DerivedData/VoiceMemo-atfnwwoqheqjoadbetovqrwccflr/Build/Intermediates.noindex/VoiceMemo.build/Debug-iphonesimulator/VoiceMemo\ iOS.build/Objects-normal/x86_64/VoiceMemo\ iOS.SwiftFileList --metadata-file-list /Users/user/Library/Developer/Xcode/DerivedData/VoiceMemo-atfnwwoqheqjoadbetovqrwccflr/Build/Intermediates.noindex/VoiceMemo.build/Debug-iphonesimulator/VoiceMemo\ iOS.build/VoiceMemo\ iOS.DependencyMetadataFileList --static-metadata-file-list /Users/user/Library/Developer/Xcode/DerivedData/VoiceMemo-atfnwwoqheqjoadbetovqrwccflr/Build/Intermediates.noindex/VoiceMemo.build/Debug-iphonesimulator/VoiceMemo\ iOS.build/VoiceMemo\ iOS.DependencyStaticMetadataFileList --swift-const-vals-list /Users/user/Library/Developer/Xcode/DerivedData/VoiceMemo-atfnwwoqheqjoadbetovqrwccflr/Build/Intermediates.noindex/VoiceMemo.build/Debug-iphonesimulator/VoiceMemo\ iOS.build/Objects-normal/arm64/VoiceMemo\ iOS.SwiftConstValuesFileList --swift-const-vals-list /Users/user/Library/Developer/Xcode/DerivedData/VoiceMemo-atfnwwoqheqjoadbetovqrwccflr/Build/Intermediates.noindex/VoiceMemo.build/Debug-iphonesimulator/VoiceMemo\ iOS.build/Objects-normal/x86_64/VoiceMemo\ iOS.SwiftConstValuesFileList --compile-time-extraction --deployment-aware-processing --validate-assistant-intents --no-app-shortcuts-localization
2026-02-28 14:12:45.108 appintentsmetadataprocessor[45577:15905982] Starting appintentsmetadataprocessor export
2026-02-28 14:12:45.111 appintentsmetadataprocessor[45577:15905982] warning: Metadata extraction skipped. No AppIntents.framework dependency found.

CodeSign /Users/user/Library/Developer/Xcode/DerivedData/VoiceMemo-atfnwwoqheqjoadbetovqrwccflr/Build/Products/Debug-iphonesimulator/VoiceMemo\ iOS.app/VoiceMemo\ iOS.debug.dylib (in target 'VoiceMemo iOS' from project 'VoiceMemo')
    cd /Users/user/project/VoiceMemo
    
    Signing Identity:     "Sign to Run Locally"
    
    /usr/bin/codesign --force --sign - --timestamp\=none --generate-entitlement-der /Users/user/Library/Developer/Xcode/DerivedData/VoiceMemo-atfnwwoqheqjoadbetovqrwccflr/Build/Products/Debug-iphonesimulator/VoiceMemo\ iOS.app/VoiceMemo\ iOS.debug.dylib
/Users/user/Library/Developer/Xcode/DerivedData/VoiceMemo-atfnwwoqheqjoadbetovqrwccflr/Build/Products/Debug-iphonesimulator/VoiceMemo iOS.app/VoiceMemo iOS.debug.dylib: replacing existing signature

CodeSign /Users/user/Library/Developer/Xcode/DerivedData/VoiceMemo-atfnwwoqheqjoadbetovqrwccflr/Build/Products/Debug-iphonesimulator/VoiceMemo\ iOS.app/__preview.dylib (in target 'VoiceMemo iOS' from project 'VoiceMemo')
    cd /Users/user/project/VoiceMemo
    
    Signing Identity:     "Sign to Run Locally"
    
    /usr/bin/codesign --force --sign - --timestamp\=none --generate-entitlement-der /Users/user/Library/Developer/Xcode/DerivedData/VoiceMemo-atfnwwoqheqjoadbetovqrwccflr/Build/Products/Debug-iphonesimulator/VoiceMemo\ iOS.app/__preview.dylib
/Users/user/Library/Developer/Xcode/DerivedData/VoiceMemo-atfnwwoqheqjoadbetovqrwccflr/Build/Products/Debug-iphonesimulator/VoiceMemo iOS.app/__preview.dylib: replacing existing signature

CodeSign /Users/user/Library/Developer/Xcode/DerivedData/VoiceMemo-atfnwwoqheqjoadbetovqrwccflr/Build/Products/Debug-iphonesimulator/VoiceMemo\ iOS.app (in target 'VoiceMemo iOS' from project 'VoiceMemo')
    cd /Users/user/project/VoiceMemo
    
    Signing Identity:     "Sign to Run Locally"
    
    /usr/bin/codesign --force --sign - --timestamp\=none --generate-entitlement-der /Users/user/Library/Developer/Xcode/DerivedData/VoiceMemo-atfnwwoqheqjoadbetovqrwccflr/Build/Products/Debug-iphonesimulator/VoiceMemo\ iOS.app
/Users/user/Library/Developer/Xcode/DerivedData/VoiceMemo-atfnwwoqheqjoadbetovqrwccflr/Build/Products/Debug-iphonesimulator/VoiceMemo iOS.app: replacing existing signature

Validate /Users/user/Library/Developer/Xcode/DerivedData/VoiceMemo-atfnwwoqheqjoadbetovqrwccflr/Build/Products/Debug-iphonesimulator/VoiceMemo\ iOS.app (in target 'VoiceMemo iOS' from project 'VoiceMemo')
    cd /Users/user/project/VoiceMemo
    builtin-validationUtility /Users/user/Library/Developer/Xcode/DerivedData/VoiceMemo-atfnwwoqheqjoadbetovqrwccflr/Build/Products/Debug-iphonesimulator/VoiceMemo\ iOS.app -shallow-bundle -infoplist-subpath Info.plist

Build Timing Summary

SwiftCompile (1 task) | 1.029 seconds

SwiftEmitModule (1 task) | 0.678 seconds

SwiftDriver (1 task) | 0.440 seconds

Ld (1 task) | 0.279 seconds

CodeSign (3 tasks) | 0.054 seconds

ExtractAppIntentsMetadata (1 task) | 0.040 seconds

Copy (4 tasks) | 0.012 seconds

CopySwiftLibs (1 task) | 0.009 seconds

CompileAssetCatalogVariant (1 task) | 0.009 seconds

ProcessInfoPlistFile (1 task) | 0.008 seconds

SwiftDriver Compilation (1 task) | 0.005 seconds

ProcessProductPackagingDER (1 task) | 0.004 seconds

ConstructStubExecutorLinkFileList (1 task) | 0.003 seconds

WriteAuxiliaryFile (3 tasks) | 0.001 seconds

SwiftMergeGeneratedHeaders (1 task) | 0.001 seconds

SwiftDriver Compilation Requirements (1 task) | 0.001 seconds

Validate (1 task) | 0.000 seconds

ProcessProductPackaging (1 task) | 0.000 seconds

** BUILD SUCCEEDED **

